[07/May/2026 12:00:28] "GET /static/styles.css HTTP/1.1" 200 12744
[07/May/2026 12:00:28,518] - Broken pipe from ('127.0.0.1', 51978)
[07/May/2026 12:00:29] "GET / HTTP/1.1" 200 5006
[07/May/2026 12:00:29,261] - Broken pipe from ('127.0.0.1', 51980)
[07/May/2026 12:00:56] "GET / HTTP/1.1" 200 5006
[07/May/2026 12:00:56] "GET /static/styles.css HTTP/1.1" 200 12744
[07/May/2026 12:01:06] "GET /login/ HTTP/1.1" 200 2729
[07/May/2026 12:01:21] "POST /login/ HTTP/1.1" 200 2883
[07/May/2026 12:01:27] "POST /login/ HTTP/1.1" 200 2883
[07/May/2026 12:01:27] "GET /static/styles.css HTTP/1.1" 304 0
[07/May/2026 12:02:49] "POST /login/ HTTP/1.1" 200 2883
[07/May/2026 12:02:49] "GET /static/styles.css HTTP/1.1" 304 0
[07/May/2026 12:02:55] "POST /login/ HTTP/1.1" 200 2883
[07/May/2026 12:02:59] "POST /login/ HTTP/1.1" 200 2883
Not Found: /.well-known/appspecific/com.chrome.devtools.json
[07/May/2026 12:03:02] "GET /.well-known/appspecific/com.chrome.devtools.json HTTP/1.1" 404 4797
[07/May/2026 12:03:27] "POST /login/ HTTP/1.1" 200 2883
[07/May/2026 12:04:57] "GET /login/ HTTP/1.1" 200 2729
[07/May/2026 12:04:57] "GET /static/styles.css HTTP/1.1" 304 0
[07/May/2026 12:05:11] "POST /login/ HTTP/1.1" 302 0
[07/May/2026 12:05:11] "GET /reservas/ HTTP/1.1" 200 4546
[07/May/2026 12:09:53] "GET /admin/ HTTP/1.1" 200 4448
[07/May/2026 12:09:53] "GET /static/admin/css/base.css HTTP/1.1" 200 23100
[07/May/2026 12:09:53] "GET /static/admin/css/dark_mode.css HTTP/1.1" 200 3538
[07/May/2026 12:09:53] "GET /static/admin/css/nav_sidebar.css HTTP/1.1" 200 2810
[07/May/2026 12:09:53] "GET /static/admin/css/dashboard.css HTTP/1.1" 200 441
[07/May/2026 12:09:53] "GET /static/admin/css/responsive.css HTTP/1.1" 200 16273
[07/May/2026 12:09:53] "GET /static/admin/js/theme.js HTTP/1.1" 200 1653
[07/May/2026 12:09:53] "GET /static/admin/js/nav_sidebar.js HTTP/1.1" 200 3063
[07/May/2026 12:09:58] "POST /admin/logout/ HTTP/1.1" 302 0
[07/May/2026 12:09:58] "GET /login/ HTTP/1.1" 200 2729
[07/May/2026 12:09:58] "GET /static/styles.css HTTP/1.1" 304 0
[07/May/2026 12:10:08] "GET /admin/ HTTP/1.1" 302 0
[07/May/2026 12:10:08] "GET /admin/login/?next=/admin/ HTTP/1.1" 200 4080
[07/May/2026 12:10:09] "GET /static/admin/css/login.css HTTP/1.1" 200 951
[07/May/2026 12:10:24] "POST /admin/login/?next=/admin/ HTTP/1.1" 302 0
[07/May/2026 12:10:24] "GET /admin/ HTTP/1.1" 200 4448
